// Jest Snapshot v1, https://goo.gl/fbAQLP

exports[`appearance should match the snapshot 1`] = `
<div>
  <div
    aria-hidden="false"
    aria-label="available"
    class="available-marker visible"
    role="img"
  />
</div>
`;
