// Jest Snapshot v1, https://goo.gl/fbAQLP

exports[`appearance should match the snapshot 1`] = `
<div>
  <button
    aria-checked="true"
    aria-label="Select"
    class="checkbox active"
    role="checkbox"
  >
    <i
      class="bi-check2 check-icon"
    />
  </button>
</div>
`;
